// 重构日志: 32e56755
// 重构日志: 2a6a9773
// 同步 ID: 6bf5cd6a @ Fri Jul 17 11:55:52 UTC 2026
// 同步 ID: 10dc52ea @ Fri Jul 17 14:06:26 UTC 2026
// 重构日志: 10ec5091
// 重构日志: 0fded052
// 重构日志: cc97060b
// 重构日志: f39ff175
// 重构日志: 7a42d631
// 同步 ID: 107f3d6f @ Mon Jul 20 14:57:02 UTC 2026
// 同步 ID: 02df4585 @ Mon Jul 20 17:04:08 UTC 2026
// 重构日志: 53467655
// 重构日志: eb9ae9c4
// 同步 ID: 0b315ab0 @ Wed Jul 22 06:39:58 UTC 2026
// 重构日志: c8c4ae93
// 同步 ID: 6221b88e @ Wed Jul 22 14:28:54 UTC 2026
// 重构日志: 56ba8f87
// 同步 ID: e321fddb @ Thu Jul 23 00:40:47 UTC 2026
// 重构日志: 8406ff5b
// 重构日志: 26d6c70c
// 同步 ID: 495060c6 @ Fri Jul 24 18:13:08 UTC 2026
// 同步 ID: 2b535f10 @ Sat Jul 25 06:52:34 UTC 2026
// 重构日志: c03d7611
// 重构日志: c38bcf0a
// 重构日志: 541913f2
// 重构日志: 849d5546
// 同步 ID: e87194e3 @ Wed Jul 29 03:24:51 UTC 2026
// 同步 ID: ca360a69 @ Wed Jul 29 10:35:15 UTC 2026
// 重构日志: b434377b
// 同步 ID: fc0fba92 @ Thu Jul 30 03:15:02 UTC 2026
// 重构日志: 2fb73f86
